<html>
<body>
<pre>
<h1>µVision Build Log</h1>
<h2>Tool Versions:</h2>
IDE-Version: ¦ÌVision V5.36.0.0
Copyright (C) 2021 ARM Ltd and ARM Germany GmbH. All rights reserved.
License Information: 84708110 zhao, DUT, LIC=65ISZ-JBD65-30SNC-7KN0Y-3GT9K-FB7BX
 
Tool Versions:
Toolchain:       MDK-ARM Plus  Version: 5.36.0.0
Toolchain Path:  D:\keil-core\ARM\ARMCC\Bin
C Compiler:      Armcc.exe V5.06 update 7 (build 960)
Assembler:       Armasm.exe V5.06 update 7 (build 960)
Linker/Locator:  ArmLink.exe V5.06 update 7 (build 960)
Library Manager: ArmAr.exe V5.06 update 7 (build 960)
Hex Converter:   FromElf.exe V5.06 update 7 (build 960)
CPU DLL:         SARMCM3.DLL V5.36.0.0
Dialog DLL:      DCM.DLL V1.17.3.0
Target DLL:      STLink\ST-LINKIII-KEIL_SWO.dll V3.0.9.0
Dialog DLL:      TCM.DLL V1.53.0.0
 
<h2>Project:</h2>
D:\ST-project\Hall_Sensor_Device\MDK-ARM\Hall_Sensor_Device.uvprojx
Project File Date:  05/21/2024

<h2>Output:</h2>
*** Using Compiler 'V5.06 update 7 (build 960)', folder: 'D:\keil-core\ARM\ARMCC\Bin'
Build target 'Hall_Sensor_Device'
compiling AD7606.c...
../Core/Inc/AD7606.h(47): warning:  #1295-D: Deprecated declaration AD7606_StopConv - give arg types
  void AD7606_StopConv();
../Core/Inc/AD7606.h(51): warning:  #1-D: last line of file ends without a newline
  #endif
..\Core\Src\AD7606.c(27): warning:  #188-D: enumerated type mixed with another type
  	HAL_GPIO_WritePin(AD_RESET_GPIO_Port, AD_RESET_Pin, 0);
..\Core\Src\AD7606.c(28): warning:  #188-D: enumerated type mixed with another type
  	HAL_GPIO_WritePin(AD_RESET_GPIO_Port, AD_RESET_Pin, 1);
..\Core\Src\AD7606.c(29): warning:  #188-D: enumerated type mixed with another type
  	HAL_GPIO_WritePin(AD_RESET_GPIO_Port, AD_RESET_Pin, 1);
..\Core\Src\AD7606.c(30): warning:  #188-D: enumerated type mixed with another type
  	HAL_GPIO_WritePin(AD_RESET_GPIO_Port, AD_RESET_Pin, 1);
..\Core\Src\AD7606.c(31): warning:  #188-D: enumerated type mixed with another type
  	HAL_GPIO_WritePin(AD_RESET_GPIO_Port, AD_RESET_Pin, 0);
..\Core\Src\AD7606.c(40): warning:  #188-D: enumerated type mixed with another type
  		HAL_GPIO_WritePin(AD_OS1_GPIO_Port, AD_OS1_Pin, 0);
..\Core\Src\AD7606.c(41): warning:  #188-D: enumerated type mixed with another type
  		HAL_GPIO_WritePin(AD_OS2_GPIO_Port, AD_OS2_Pin, 0);
..\Core\Src\AD7606.c(42): warning:  #188-D: enumerated type mixed with another type
  		HAL_GPIO_WritePin(AD_OS3_GPIO_Port, AD_OS3_Pin, 0);
..\Core\Src\AD7606.c(47): warning:  #188-D: enumerated type mixed with another type
  		HAL_GPIO_WritePin(AD_OS1_GPIO_Port, AD_OS1_Pin, 1);
..\Core\Src\AD7606.c(48): warning:  #188-D: enumerated type mixed with another type
  		HAL_GPIO_WritePin(AD_OS2_GPIO_Port, AD_OS2_Pin, 0);
..\Core\Src\AD7606.c(49): warning:  #188-D: enumerated type mixed with another type
  		HAL_GPIO_WritePin(AD_OS3_GPIO_Port, AD_OS3_Pin, 0);
..\Core\Src\AD7606.c(54): warning:  #188-D: enumerated type mixed with another type
  		HAL_GPIO_WritePin(AD_OS1_GPIO_Port, AD_OS1_Pin, 0);
..\Core\Src\AD7606.c(55): warning:  #188-D: enumerated type mixed with another type
  		HAL_GPIO_WritePin(AD_OS2_GPIO_Port, AD_OS2_Pin, 1);
..\Core\Src\AD7606.c(56): warning:  #188-D: enumerated type mixed with another type
  		HAL_GPIO_WritePin(AD_OS3_GPIO_Port, AD_OS3_Pin, 0);
..\Core\Src\AD7606.c(61): warning:  #188-D: enumerated type mixed with another type
  		HAL_GPIO_WritePin(AD_OS1_GPIO_Port, AD_OS1_Pin, 1);
..\Core\Src\AD7606.c(62): warning:  #188-D: enumerated type mixed with another type
  		HAL_GPIO_WritePin(AD_OS2_GPIO_Port, AD_OS2_Pin, 1);
..\Core\Src\AD7606.c(63): warning:  #188-D: enumerated type mixed with another type
  		HAL_GPIO_WritePin(AD_OS3_GPIO_Port, AD_OS3_Pin, 0);
..\Core\Src\AD7606.c(68): warning:  #188-D: enumerated type mixed with another type
  		HAL_GPIO_WritePin(AD_OS1_GPIO_Port, AD_OS1_Pin, 0);
..\Core\Src\AD7606.c(69): warning:  #188-D: enumerated type mixed with another type
  		HAL_GPIO_WritePin(AD_OS2_GPIO_Port, AD_OS2_Pin, 0);
..\Core\Src\AD7606.c(70): warning:  #188-D: enumerated type mixed with another type
  		HAL_GPIO_WritePin(AD_OS3_GPIO_Port, AD_OS3_Pin, 1);
..\Core\Src\AD7606.c(75): warning:  #188-D: enumerated type mixed with another type
  		HAL_GPIO_WritePin(AD_OS1_GPIO_Port, AD_OS1_Pin, 1);
..\Core\Src\AD7606.c(76): warning:  #188-D: enumerated type mixed with another type
  		HAL_GPIO_WritePin(AD_OS2_GPIO_Port, AD_OS2_Pin, 0);
..\Core\Src\AD7606.c(77): warning:  #188-D: enumerated type mixed with another type
  		HAL_GPIO_WritePin(AD_OS3_GPIO_Port, AD_OS3_Pin, 1);
..\Core\Src\AD7606.c(82): warning:  #188-D: enumerated type mixed with another type
  		HAL_GPIO_WritePin(AD_OS1_GPIO_Port, AD_OS1_Pin, 0);
..\Core\Src\AD7606.c(83): warning:  #188-D: enumerated type mixed with another type
  		HAL_GPIO_WritePin(AD_OS2_GPIO_Port, AD_OS2_Pin, 1);
..\Core\Src\AD7606.c(84): warning:  #188-D: enumerated type mixed with another type
  		HAL_GPIO_WritePin(AD_OS3_GPIO_Port, AD_OS3_Pin, 1);
..\Core\Src\AD7606.c(117): warning:  #188-D: enumerated type mixed with another type
  	HAL_GPIO_WritePin(AD_RESET_GPIO_Port, AD_RESET_Pin, 0);
..\Core\Src\AD7606.c(118): warning:  #188-D: enumerated type mixed with another type
  	HAL_GPIO_WritePin(AD_RANGE_GPIO_Port, AD_RANGE_Pin, 0);
..\Core\Src\AD7606.c(180): warning:  #940-D: missing return statement at end of non-void function "Volt_Meg_Fitting" 
  }
..\Core\Src\AD7606.c(269): warning:  #188-D: enumerated type mixed with another type
  	HAL_GPIO_WritePin(AD_CONV_GPIO_Port, AD_CONV_Pin, 1);
..\Core\Src\AD7606.c: 32 warnings, 0 errors
linking...
Program Size: Code=13336 RO-data=380 RW-data=44 ZI-data=20772  
FromELF: creating hex file...
"Hall_Sensor_Device\Hall_Sensor_Device.axf" - 0 Error(s), 32 Warning(s).

<h2>Software Packages used:</h2>

Package Vendor: ARM
                http://www.keil.com/pack/ARM.CMSIS.5.9.0.pack
                ARM.CMSIS.5.9.0
                CMSIS (Common Microcontroller Software Interface Standard)
   * Component: CORE Version: 5.6.0

Package Vendor: Keil
                http://www.keil.com/pack/Keil.STM32F1xx_DFP.2.3.0.pack
                Keil.STM32F1xx_DFP.2.3.0
                STMicroelectronics STM32F1 Series Device Support, Drivers and Examples

<h2>Collection of Component include folders:</h2>
  .\RTE\_Hall_Sensor_Device
  D:\keil-pack\ARM\CMSIS\5.9.0\CMSIS\Core\Include
  D:\keil-pack\Keil\STM32F1xx_DFP\2.3.0\Device\Include

<h2>Collection of Component Files used:</h2>

   * Component: ARM::CMSIS:CORE:5.6.0
      Include file:  CMSIS\Core\Include\tz_context.h
Build Time Elapsed:  00:00:01
</pre>
</body>
</html>
